// Jest Snapshot v1, https://goo.gl/fbAQLP

exports[`CompName.vue  renders a CompName component 1`] = `
<fragment>
  <v-container
    fluid=""
    ma-0=""
    pa-0=""
  >
    <v-layout
      ml-1=""
      row=""
    >
      <v-flex
        lg6=""
      >
        <table>
          <tr
            class="name-option"
          >
            <td>
              1.
            </td>
             
            <td
              id="name1"
            >
              
                
                
              <span
                class="name-state-icon"
              />
               
              <!---->
               
              <span
                class="decision-text"
              >
                
              </span>
            </td>
          </tr>
           
          <tr
            class="name-option"
          >
            <td>
              2.
            </td>
             
            <td
              id="name2"
            >
              
                
                
              <span
                class="name-state-icon"
              />
               
              <!---->
               
              <span
                class="decision-text"
              >
                
              </span>
            </td>
          </tr>
           
          <tr
            class="name-option"
          >
            <td>
              3.
            </td>
             
            <td
              id="name3"
            >
              
                
                
              <span
                class="name-state-icon"
              />
               
              <!---->
               
              <span
                class="decision-text"
                id="decision-text3"
              >
                
              </span>
            </td>
          </tr>
        </table>
      </v-flex>
       
      <v-flex
        lg6=""
      >
        <!---->
      </v-flex>
    </v-layout>
     
    <v-layout
      ml-1=""
      row=""
    >
      <v-flex
        lg12=""
      >
        <!---->
      </v-flex>
    </v-layout>
  </v-container>
   
  <div
    class="modal fade"
    id="add-cancel-comment-modal"
    role="dialog"
    tabindex="-1"
  >
    <div
      class="modal-dialog modal-lg"
      role="document"
    >
      <div
        class="modal-content"
      >
        <div
          class="modal-header"
        >
          <h5
            class="modal-title"
          >
            Please give a comment to explain why this NR is being CANCELLED
          </h5>
           
          <button
            aria-label="Close"
            class="close"
            data-dismiss="modal"
            type="button"
          >
            <span
              aria-hidden="true"
            >
              Ã—
            </span>
          </button>
        </div>
         
        <div
          class="modal-body"
        >
          <textarea
            class="form-control"
            id="cancel-comment-text"
            rows="10"
          />
        </div>
         
        <div
          class="modal-footer"
        >
          <button
            class="btn btn-sm btn-secondary"
            data-dismiss="modal"
            type="button"
          >
            Cancel
          </button>
           
          <button
            class="btn btn-sm btn-danger"
            data-dismiss="modal"
            disabled="disabled"
            id="cancel-nr-after-comment-button"
            type="button"
          >
            CANCEL REQUEST
          </button>
        </div>
      </div>
    </div>
  </div>
</fragment>
`;
